
> starter_helpi@0.1.0 test
> react-scripts test --coverage

FAIL src/App.test.tsx
  ✕ renders learn react link (81 ms)

  ● renders learn react link

    TestingLibraryElementError: Unable to find an element with the text: /learn react/i. This could be because the text is broken up by multiple elements. In this case, you can provide a function for your text matcher to make your matcher more flexible.

    Ignored nodes: comments, script, style
    [36m<body>[39m
      [36m<div>[39m
        [36m<div[39m
          [33mclass[39m=[32m"container"[39m
        [36m>[39m
          [36m<a[39m
            [33mclass[39m=[32m"navbar-brand"[39m
            [33mhref[39m=[32m"#home"[39m
          [36m>[39m
            [0mCareer Helpi[0m
          [36m</a>[39m
          [36m<button[39m
            [33maria-controls[39m=[32m"basic-navbar-nav"[39m
            [33maria-label[39m=[32m"Toggle navigation"[39m
            [33mclass[39m=[32m"navbar-toggler collapsed"[39m
            [33mtype[39m=[32m"button"[39m
          [36m>[39m
            [36m<span[39m
              [33mclass[39m=[32m"navbar-toggler-icon"[39m
            [36m/>[39m
          [36m</button>[39m
          [36m<div[39m
            [33mclass[39m=[32m"navbar-collapse collapse"[39m
            [33mid[39m=[32m"basic-navbar-nav"[39m
          [36m>[39m
            [36m<div[39m
              [33mclass[39m=[32m"me-auto nav"[39m
            [36m>[39m
              [36m<a[39m
                [33mclass[39m=[32m"nav-link"[39m
                [33mdata-rr-ui-event-key[39m=[32m"#home"[39m
                [33mhref[39m=[32m"#home"[39m
              [36m>[39m
                [36m<button[39m
                  [33mclass[39m=[32m"btn btn-primary"[39m
                  [33mstyle[39m=[32m"color: black;"[39m
                  [33mtype[39m=[32m"button"[39m
                [36m>[39m
                  [0mHome[0m
                [36m</button>[39m
              [36m</a>[39m
              [36m<div[39m
                [33mclass[39m=[32m"nav-item dropdown"[39m
              [36m>[39m
                [36m<a[39m
                  [33maria-expanded[39m=[32m"false"[39m
                  [33mclass[39m=[32m"dropdown-toggle nav-link"[39m
                  [33mhref[39m=[32m"#"[39m
                  [33mid[39m=[32m"basic-nav-dropdown"[39m
                  [33mrole[39m=[32m"button"[39m
                  [33mtabindex[39m=[32m"0"[39m
                [36m>[39m
                  [0mDropdown[0m
                [36m</a>[39m
              [36m</div>[39m
            [36m</div>[39m
          [36m</div>[39m
        [36m</div>[39m
        [36m<header[39m
          [33mclass[39m=[32m"header"[39m
        [36m>[39m
          [36m<div[39m
            [33mclass[39m=[32m"hover-container"[39m
          [36m>[39m
            [36m<div[39m
              [33mclass[39m=[32m"icon-container"[39m
            [36m>[39m
              [36m<img[39m
                [33malt[39m=[32m"Brain Icon"[39m
                [33mclass[39m=[32m"icon"[39m
                [33msrc[39m=[32m"modifiedBrainIcon.svg"[39m
              [36m/>[39m
            [36m</div>[39m
          [36m</div>[39m
          [36m<h2[39m
            [33mclass[39m=[32m"title"[39m
          [36m>[39m
            [0mBrain Spark[0m
          [36m</h2>[39m
          [36m<div[39m
            [33mclass[39m=[32m"home-container"[39m
          [36m>[39m
            [36m<button[39m
              [33mclass[39m=[32m"home-button btn btn-primary"[39m
              [33mtype[39m=[32m"button"[39m
            [36m>[39m
              [0mHome Page[0m
            [36m</button>[39m
            [36m<button[39m
              [33mclass[39m=[32m"basic-button btn btn-primary"[39m
              [33mtype[39m=[32m"button"[39m
            [36m>[39m
              [0mBasic Questions[0m
            [36m</button>[39m
            [36m<button[39m
              [33mclass[39m=[32m"detailed-button btn btn-primary"[39m
              [33mtype[39m=[32m"button"[39m
            [36m>[39m
              [0mDetailed Questions[0m
            [36m</button>[39m
          [36m</div>[39m
        [36m</header>[39m
        [36m<div[39m
          [33mclass[39m=[32m"question-section"[39m
        [36m>[39m
          [36m<div[39m
            [33mclass[39m=[32m"question"[39m
          [36m>[39m
            [36m<p>[39m
              [0mHow much do you prefer working independently over working collaboratively?[0m
            [36m</p>[39m
            [36m<button[39m
              [33mclass[39m=[32m"btn btn-secondary"[39m
              [33mtype[39m=[32m"button"[39m
            [36m>[39m
              [0mNot at all[0m
            [36m</button>[39m
            [36m<button[39m
              [33mclass[39m=[32m"btn btn-secondary"[39m
              [33mtype[39m=[32m"button"[39m
            [36m>[39m
              [0mNeutral[0m
            [36m</button>[39m
            [36m<button[39m
              [33mclass[39m=[32m"btn btn-secondary"[39m
              [33mtype[39m=[32m"button"[39m
            [36m>[39m
              [0mVery much[0m
            [36m</button>[39m
          [36m</div>[39m
          [36m<div[39m
            [33mclass[39m=[32m"question"[39m
          [36m>[39m
            [36m<p>[39m
              [0mHow important is expressing creativity and passion in your work?[0m
            [36m</p>[39m
            [36m<button[39m
              [33mclass[39m=[32m"btn btn-secondary"[39m
              [33mtype[39m=[32m"button"[39m
            [36m>[39m
              [0mNot important[0m
            [36m</button>[39m
            [36m<button[39m
              [33mclass[39m=[32m"btn btn-secondary"[39m
              [33mtype[39m=[32m"button"[39m
            [36m>[39m
              [0mNeutral[0m
            [36m</button>[39m
            [36m<button[39m
              [33mclass[39m=[32m"btn btn-secondary"[39m
              [33mtype[39m=[32m"button"[39m
            [36m>[39m
              [0mImportant[0m
            [36m</button>[39m
          [36m</div>[39m
          [36m<div[39m
            [33mclass[39m=[32m"question"[39m
          [36m>[39m
            [36m<p>[39m
              [0mHow easily do you adapt to changes in your work environment and job responsibilities?[0m
            [36m</p>[39m
            [36m<button[39m
              [33mclass[39m=[32m"btn btn-secondary"[39m
              [33mtype[39m=[32m"button"[39m
            [36m>[39m
              [0mDifficult[0m
            [36m</button>[39m
            [36m<button[39m
              [33mclass[39m=[32m"btn btn-secondary"[39m
              [33mtype[39m=[32m"button"[39m
            [36m>[39m
              [0mNeutral[0m
            [36m</button>[39m
            [36m<button[39m
              [33mclass[39m=[32m"btn btn-secondary"[39m
              [33mtype[39m=[32m"button"[39m
            [36m>[39m
              [0mEasy[0m
            [36m</button>[39m
          [36m</div>[39m
          [36m<div[39m
            [33mclass[39m=[32m"question"[39m
          [36m>[39m
            [36m<p>[39m
              [0mHow important is it for you to make a tangible impact through your work?[0m
            [36m</p>[39m
            [36m<button[39m
              [33mclass[39m=[32m"btn btn-secondary"[39m
              [33mtype[39m=[32m"button"[39m
            [36m>[39m
              [0mNot important[0m
            [36m</button>[39m
            [36m<button[39m
              [33mclass[39m=[32m"btn btn-secondary"[39m
              [33mtype[39m=[32m"button"[39m
            [36m>[39m
              [0mNeutral[0m
            [36m</button>[39m
            [36m<button[39m
              [33mclass[39m=[32m"btn btn-secondary"[39m
              [33mtype[39m=[32m"button"[39m
            [36m>[39m
              [0mVery Important[0m
            [36m</button>[39m
          [36m</div>[39m
          [36m<div[39m
            [33mclass[39m=[32m"question"[39m
          [36m>[39m
            [36m<p>[39m
              [0mHow important is having a set routine in the workplace to you?[0m
            [36m</p>[39m
            [36m<button[39m
              [33mclass[39m=[32m"btn btn-secondary"[39m
              [33mtype[39m=[32m"button"[39m
            [36m>[39m
              [0mNot important[0m
            [36m</button>[39m
            [36m<button[39m
              [33mclass[39m=[32m"btn btn-secondary"[39m
              [33mtype[39m=[32m"button"[39m
            [36m>[39m
              [0mNeutral[0m
            [36m</button>[39m
            [36m<button[39m
              [33mclass[39m=[32m"btn btn-secondary"[39m
              [33mtype[39m=[32m"button"[39m
            [36m>[39m
              [0mImportant[0m
            [36m</button>[39m
          [36m</div>[39m
          [36m<div[39m
            [33mclass[39m=[32m"question"[39m
          [36m>[39m
            [36m<p>[39m
              [0mDo you see yourself as a natural leader and enjoy taking charge of projects?[0m
            [36m</p>[39m
            [36m<button[39m
              [33mclass[39m=[32m"btn btn-secondary"[39m
              [33mtype[39m=[32m"button"[39m
            [36m>[39m
              [0mNot at all[0m
            [36m</button>[39m
            [36m<button[39m
              [33mclass[39m=[32m"btn btn-secondary"[39m
              [33mtype[39m=[32m"button"[39m
            [36m>[39m
              [0mNeutral[0m
            [36m</button>[39m
            [36m<button[39m
              [33mclass[39m=[32m"btn btn-secondary"[39m
              [33mtype[39m=[32m"button"[39m
            [36m>[39m
              [0mVery much[0m
            [36m</button>[39m
          [36m</div>[39m
          [36m<div[39m
            [33mclass[39m=[32m"question"[39m
          [36m>[39m
            [36m<p>[39m
              [0mDo you prefer an office environment or an environment that is frequently changing?[0m
            [36m</p>[39m
            [36m<button[39m
              [33mclass[39m=[32m"btn btn-secondary"[39m
              [33mtype[39m=[32m"button"[39m
            [36m>[39m
              [0mOffice[0m
            [36m</button>[39m
            [36m<button[39m
              [33mclass[39m=[32m"btn btn-secondary"[39m
              [33mtype[39m=[32m"button"[39m
            [36m>[39m
              [0mNeutral[0m
            [36m</button>[39m
            [36m<button[39m
              [33mclass[39m=[32m"btn btn-secondary"[39m
              [33mtype[39m=[32m"button"[39m
            [36m>[39m
              [0mChanging Environment[0m
            [36m</button>[39m
          [36m</div>[39m
          [36m<div[39m
            [33mclass[39m=[32m"question"[39m
          [36m>[39m
            [36m<p>[39m
              [0mHow much do you prefer working independently over working collaboratively?[0m
            [36m</p>[39m
            [36m<button[39m
              [33mclass[39m=[32m"btn btn-secondary"[39m
              [33mtype[39m=[32m"button"[39m
            [36m>[39m
              [0mNot at all[0m
            [36m</button>[39m
            [36m<button[39m
              [33mclass[39m=[32m"btn btn-primary"[39m
              [33mtype[39m=[32m"button"[39m
            [36m/>[39m
            [36m<button[39m
              [33mclass[39m=[32m"btn btn-secondary"[39m
              [33mtype[39m=[32m"button"[39m
            [36m>[39m
              [0mNeutral[0m
            [36m</button>[39m
            [36m<button[39m
              [33mclass[39m=[32m"btn btn-primary"[39m
              [33mtype[39m=[32m"button"[39m
            [36m/>[39m
            [36m<button[39m
              [33mclass[39m=[32m"btn btn-secondary"[39m
              [33mtype[39m=[32m"button"[39m
            [36m>[39m
              [0mVery much[0m
            [36m</button>[39m
          [36m</div>[39m
          [36m<div[39m
            [33mclass[39m=[32m"question"[39m
          [36m>[39m
            [36m<p>[39m
              [0mHow significant is the opportunity to be creative and have passion within your work?[0m
            [36m</p>[39m
            [36m<button[39m
              [33mclass[39m=[32m"btn btn-secondary"[39m
              [33mtype[39m=[32m"button"[39m
            [36m>[39m
              [0mNot significant[0m
            [36m</button>[39m
            [36m<button[39m
              [33mclass[39m=[32m"btn btn-primary"[39m
              [33mtype[39m=[32m"button"[39m
            [36m/>[39m
            [36m<button[39m
              [33mclass[39m=[32m"btn btn-secondary"[39m
              [33mtype[39m=[32m"button"[39m
            [36m>[39m
              [0mNeutral[0m
            [36m</button>[39m
            [36m<button[39m
              [33mclass[39m=[32m"btn btn-primary"[39m
              [33mtype[39m=[32m"button"[39m
            [36m/>[39m
            [36m<button[39m
              [33mclass[39m=[32m"btn btn-secondary"[39m
              [33mtype[39m=[32m"button"[39m
            [36m>[39m
              [0mVery significant[0m
            [36m</button>[39m
          [36m</div>[39m
          [36m<div[39m
            [33mclass[39m=[32m"question"[39m
          [36m>[39m
            [36m<p>[39m
              [0mHow easily do you adapt to changes in your work environment and job responsibilities?[0m
            [36m</p>[39m
            [36m<button[39m
              [33mclass[39m=[32m"btn btn-secondary"[39m
              [33mtype[39m=[32m"button"[39m
            [36m>[39m
              [0mDifficult[0m
            [36m</button>[39m
            [36m<button[39m
              [33mclass[39m=[32m"btn btn-primary"[39m
              [33mtype[39m=[32m"button"[39m
            [36m/>[39m
            [36m<button[39m
              [33mclass[39m=[32m"btn btn-secondary"[39m
              [33mtype[39m=[32m"button"[39m
            [36m>[39m
              [0mNeutral[0m
            [36m</button>[39m
            [36m<button[39m
              [33mclass[39m=[32m"btn btn-primary"[39m
              [33mtype[39m=[32m"button"[39m
            [36m/>[39m
            [36m<button[39m
              [33mclass[39m=[32m"btn btn-secondary"[39m
              [33mtype[39m=[32m"button"[39m
            [36m>[39m
              [0mEasy[0m
            [36m</button>[39m
          [36m</div>[39m
          [36m<div[39m
            [33mclass[39m=[32m"question"[39m
          [36m>[39m
            [36m<p>[39m
              [0mHow important is it for you to make a measurable and meaningful impact through your work?[0m
            [36m</p>[39m
            [36m<button[39m
              [33mclass[39m=[32m"btn btn-secondary"[39m
              [33mtype[39m=[32m"button"[39m
            [36m>[39m
              [0mNot at all important[0m
            [36m</button>[39m
            [36m<button[39m
              [33mclass[39m=[32m"btn btn-primary"[39m
              [33mtype[39m=[32m"button"[39m
            [36m/>[39m
            [36m<button[39m
              [33mclass[39m=[32m"btn btn-secondary"[39m
              [33mtype[39m=[32m"button"[39m
            [36m>[39m
              [0mNeutral[0m
            [36m</button>[39m
            [36m<button[39m
              [33mclass[39m=[32m"btn btn-primary"[39m
              [33mtype[39m=[32m"button"[39m
            [36m/>[39m
            [36m<button[39m
              [33mclass[39m=[32m"btn btn-secondary"[39m
              [33mtype[39m=[32m"button"[39m
            [36m>[39m
              [0mVery important[0m
            [36m</button>[39m
          [36m</div>[39m
          [36m<div[39m
            [33mclass[39m=[32m"question"[39m
          [36m>[39m
            [36m<p>[39m
              [0mHow important is collaborative learning in your professional development?[0m
            [36m</p>[39m
            [36m<button[39m
              [33mclass[39m=[32m"btn btn-secondary"[39m
              [33mtype[39m=[32m"button"[39m
            [36m>[39m
              [0mNot at all important[0m
            [36m</button>[39m
            [36m<button[39m
              [33mclass[39m=[32m"btn btn-primary"[39m
              [33mtype[39m=[32m"button"[39m
            [36m/>[39m
            [36m<button[39m
              [33mclass[39m=[32m"btn btn-secondary"[39m
              [33mtype[39m=[32m"button"[39m
            [36m>[39m
              [0mNeutral[0m
            [36m</button>[39m
            [36m<button[39m
              [33mclass[39m=[32m"btn btn-primary"[39m
              [33mtype[39m=[32m"button"[39m
            [36m/>[39m
            [36m<button[39m
              [33mclass[39m=[32m"btn btn-secondary"[39m
              [33mtype[39m=[32m"button"[39m
            [36m>[39m
              [0mVery important[0m
            [36m</button>[39m
          [36m</div>[39m
          [36m<div[39m
            [33mclass[39m=[32m"question"[39m
          [36m>[39m
            [36m<p>[39m
              [0mHow significant is a structured and consistent routine within your workplace to your overall job satisfaction and productivity?[0m
            [36m</p>[39m
            [36m<button[39m
              [33mclass[39m=[32m"btn btn-secondary"[39m
              [33mtype[39m=[32m"button"[39m
            [36m>[39m
              [0mNot at all significant[0m
            [36m</button>[39m
            [36m<button[39m
              [33mclass[39m=[32m"btn btn-primary"[39m
              [33mtype[39m=[32m"button"[39m
            [36m/>[39m
            [36m<button[39m
              [33mclass[39m=[32m"btn btn-secondary"[39m
              [33mtype[39m=[32m"button"[39m
            [36m>[39m
              [0mNeutral[0m
            [36m</button>[39m
            [36m<button[39m
              [33mclass[39m=[32m"btn btn-primary"[39m
              [33mtype[39m=[32m"button"[39m
            [36m/>[39m
            [36m<button[39m
              [33mclass[39m=[32m"btn btn-secondary"[39m
              [33mtype[39m=[32m"button"[39m
            [36m>[39m
              [0mVery significant[0m
            [36m</button>[39m
          [36m</div>[39m
          [36m<div[39m
            [33mclass[39m=[32m"question"[39m
          [36m>[39m
            [36m<p>[39m
              [0mDo you prefer an office environment or an environment that is frequently changing?[0m
            [36m</p>[39m
            [36m<button[39m
              [33mclass[39m=[32m"btn btn-secondary"[39m
              [33mtype[39m=[32m"button"[39m
            [36m>[39m
              [0mOffice[0m
            [36m</button>[39m
            [36m<button[39m
              [33mclass[39m=[32m"btn btn-primary"[39m
              [33mtype[39m=[32m"button"[39m
            [36m/>[39m
            [36m<button[39m
              [33mclass[39m=[32m"btn btn-secondary"[39m
              [33mtype[39m=[32m"button"[39m
            [36m>[39m
              [0mNeutral[0m
            [36m</button>[39m
            [36m<button[39m
              [33mclass[39m=[32m"btn btn-primary"[39m
              [33mtype[39m=[32m"button"[39m
            [36m/>[39m
            [36m<button[39m
              [33mclass[39m=[32m"btn btn-secondary"[39m
              [33mtype[39m=[32m"button"[39m
            [36m>[39m
              [0mChanging Environment[0m
            [36m</button>[39m
          [36m</div>[39m
        [36m</div>[39m
        [36m<footer[39m
          [33mclass[39m=[32m"footer"[39m
        [36m>[39m
          [36m<h2[39m
            [33mclass[39m=[32m"footer-container"[39m
          [36m>[39m
            [0mContact Us[0m
          [36m</h2>[39m
          [36m<h2[39m
            [33mclass[39m=[32m"footer-container"[39m
          [36m>[39m
            [0mHelp[0m
          [36m</h2>[39m
          [36m<form[39m
            [33mclass[39m=[32m"api-form"[39m
          [36m>[39m
            [36m<div>[39m
              [36m<input[39m
                [33mclass[39m=[32m"form-control"[39m
                [33mid[39m=[32m"apiKey"[39m
                [33mplaceholder[39m=[32m"Insert API Key Here"[39m
                [33mtype[39m=[32m"password"[39m
              [36m/>[39m
            [36m</div>[39m
            [36m<button[39m
              [33mclass[39m=[32m"Submit-Button btn btn-primary"[39m
              [33mtype[39m=[32m"button"[39m
            [36m>[39m
              [0mSubmit[0m
            [36m</button>[39m
          [36m</form>[39m
        [36m</footer>[39m
      [36m</div>[39m
    [36m</body>[39m

       5 | test('renders learn react link', () => {
       6 |   render(<App />);
    >  7 |   const linkElement = screen.getByText(/learn react/i);
         |                              ^
       8 |   expect(linkElement).toBeInTheDocument();
       9 | });
      10 |

      at Object.getElementError (node_modules/@testing-library/react/node_modules/@testing-library/dom/dist/config.js:37:19)
      at node_modules/@testing-library/react/node_modules/@testing-library/dom/dist/query-helpers.js:76:38
      at node_modules/@testing-library/react/node_modules/@testing-library/dom/dist/query-helpers.js:52:17
      at getByText (node_modules/@testing-library/react/node_modules/@testing-library/dom/dist/query-helpers.js:95:19)
      at Object.<anonymous> (src/App.test.tsx:7:30)
      at TestScheduler.scheduleTests (node_modules/@jest/core/build/TestScheduler.js:333:13)
      at runJest (node_modules/@jest/core/build/runJest.js:404:19)
      at _run10000 (node_modules/@jest/core/build/cli/index.js:320:7)
      at runCLI (node_modules/@jest/core/build/cli/index.js:173:3)

[0;33mOne of your dependencies, babel-preset-react-app, is importing the
"@babel/plugin-proposal-private-property-in-object" package without
declaring it in its dependencies. This is currently working because
"@babel/plugin-proposal-private-property-in-object" is already in your
node_modules folder for unrelated reasons, but it [1mmay break at any time[0;33m.

babel-preset-react-app is part of the create-react-app project, [1mwhich
is not maintianed anymore[0;33m. It is thus unlikely that this bug will
ever be fixed. Add "@babel/plugin-proposal-private-property-in-object" to
your devDependencies to work around this error. This will make this message
go away.[0m
  
---------------------|---------|----------|---------|---------|-----------------------
File                 | % Stmts | % Branch | % Funcs | % Lines | Uncovered Line #s     
---------------------|---------|----------|---------|---------|-----------------------
All files            |   28.71 |    47.87 |    6.34 |   28.71 |                       
 src                 |   29.76 |    47.87 |    6.12 |   29.76 |                       
  App.tsx            |   33.33 |       50 |    4.34 |   33.33 | 14,37-43,49-51,67-175 
  index.tsx          |       0 |      100 |     100 |       0 | 7-19                  
  navbar.tsx         |     100 |      100 |     100 |     100 |                       
  reportWebVitals.ts |       0 |        0 |       0 |       0 | 3-10                  
 src/Pages           |   23.52 |      100 |    7.14 |   23.52 |                       
  Basic.tsx          |      20 |      100 |       0 |      20 | 12-19                 
  Detailed.tsx       |      20 |      100 |       0 |      20 | 12-19                 
  Home.tsx           |   28.57 |      100 |   16.66 |   28.57 | 14-21                 
---------------------|---------|----------|---------|---------|-----------------------
Test Suites: 1 failed, 1 total
Tests:       1 failed, 1 total
Snapshots:   0 total
Time:        3.27 s
Ran all test suites.
